{
    "should pass summary multiple samples": {
        "content": [
            [
                "_quarto.css",
                "bcr_summary.html",
                "index.html",
                "ir_summary.html",
                "cell-12-output-1.png",
                "cell-13-output-1.png",
                "cell-14-output-1.png",
                "references.html",
                "search.json",
                "clipboard.min.js",
                "anchor.min.js",
                "popper.min.js",
                "tippy.css",
                "tippy.umd.min.js",
                "headroom.min.js",
                "autocomplete.umd.js",
                "fuse.min.js",
                "tcr_summary.html"
            ],
            [
                "versions.yml:md5,9dec1057fddb9eabd9d9ce670c40ae04",
                "versions.yml:md5,a0e88a3858b2e2f62937242f79117f56"
            ],
            {
                "IR_SUMMARY:MERGE_SDATA": {
                    "spatialdata": "0.5.0"
                }
            }
        ],
        "meta": {
            "nf-test": "0.9.3",
            "nextflow": "25.10.0"
        },
        "timestamp": "2025-11-18T09:15:53.802730428"
    },
    "should pass summary single": {
        "content": [
            [
                "_quarto.css",
                "bcr_summary.html",
                "index.html",
                "ir_summary.html",
                "cell-12-output-1.png",
                "cell-13-output-1.png",
                "cell-14-output-1.png",
                "references.html",
                "search.json",
                "clipboard.min.js",
                "anchor.min.js",
                "popper.min.js",
                "tippy.css",
                "tippy.umd.min.js",
                "headroom.min.js",
                "autocomplete.umd.js",
                "fuse.min.js",
                "tcr_summary.html"
            ],
            [
                "versions.yml:md5,9dec1057fddb9eabd9d9ce670c40ae04",
                "versions.yml:md5,a0e88a3858b2e2f62937242f79117f56"
            ],
            {
                "IR_SUMMARY:MERGE_SDATA": {
                    "spatialdata": "0.5.0"
                }
            }
        ],
        "meta": {
            "nf-test": "0.9.3",
            "nextflow": "25.10.0"
        },
        "timestamp": "2025-11-18T09:13:28.209952036"
    }
}