{
    "test with sample input channel and multiple align sets": {
        "content": [
            [
                "test.airr.tsv",
                "test.clna",
                "test.clonotype.report.json",
                "test.refined.vdjca",
                "test.spatial.airr.tsv",
                "test.vdjca",
                "test.airr.tsv",
                "test.clna",
                "test.clonotype.report.json",
                "test.refined.vdjca",
                "test.spatial.airr.tsv",
                "test.vdjca",
                "test_1_fastqc.html",
                "test_1_fastqc.zip",
                "test_2_fastqc.html",
                "test_2_fastqc.zip"
            ],
            [
                "versions.yml:md5,6fb00cdcdf24621ac5261bf88a47212c",
                "versions.yml:md5,e5d3598a2478692c1e4872e0fcdc9e16"
            ],
            {
                "ALIGN:FASTQC": {
                    "fastqc": "0.12.1"
                }
            }
        ],
        "meta": {
            "nf-test": "0.9.3",
            "nextflow": "25.10.0"
        },
        "timestamp": "2025-11-07T06:33:42.045009125"
    },
    "test with multiple samples and different configurations": {
        "content": [
            [
                "test.airr.tsv",
                "test.clna",
                "test.clonotype.report.json",
                "test.refined.vdjca",
                "test.spatial.airr.tsv",
                "test.vdjca",
                "test.airr.tsv",
                "test.clna",
                "test.clonotype.report.json",
                "test.refined.vdjca",
                "test.spatial.airr.tsv",
                "test.vdjca",
                "test2.airr.tsv",
                "test2.clna",
                "test2.clonotype.report.json",
                "test2.refined.vdjca",
                "test2.spatial.airr.tsv",
                "test2.vdjca",
                "test2_1_fastqc.html",
                "test2_1_fastqc.zip",
                "test2_2_fastqc.html",
                "test2_2_fastqc.zip",
                "test_1_fastqc.html",
                "test_1_fastqc.zip",
                "test_2_fastqc.html",
                "test_2_fastqc.zip"
            ],
            [
                "versions.yml:md5,6fb00cdcdf24621ac5261bf88a47212c",
                "versions.yml:md5,6fb00cdcdf24621ac5261bf88a47212c",
                "versions.yml:md5,e5d3598a2478692c1e4872e0fcdc9e16",
                "versions.yml:md5,e5d3598a2478692c1e4872e0fcdc9e16"
            ],
            {
                "ALIGN:FASTQC": {
                    "fastqc": "0.12.1"
                }
            }
        ],
        "meta": {
            "nf-test": "0.9.3",
            "nextflow": "25.10.0"
        },
        "timestamp": "2025-11-07T06:35:12.556525274"
    },
    "test with no alignment requested": {
        "content": [
            "1"
        ],
        "meta": {
            "nf-test": "0.9.3",
            "nextflow": "25.10.0"
        },
        "timestamp": "2025-11-07T06:33:47.181212075"
    },
    "test with basic sample input channel": {
        "content": [
            [
                "test.airr.tsv",
                "test.clna",
                "test.clonotype.report.json",
                "test.refined.vdjca",
                "test.spatial.airr.tsv",
                "test.vdjca",
                "test_1_fastqc.html",
                "test_1_fastqc.zip",
                "test_2_fastqc.html",
                "test_2_fastqc.zip"
            ],
            [
                "versions.yml:md5,6fb00cdcdf24621ac5261bf88a47212c",
                "versions.yml:md5,e5d3598a2478692c1e4872e0fcdc9e16"
            ],
            {
                "ALIGN:FASTQC": {
                    "fastqc": "0.12.1"
                }
            }
        ],
        "meta": {
            "nf-test": "0.9.3",
            "nextflow": "25.10.0"
        },
        "timestamp": "2025-11-07T06:32:19.699868094"
    }
}