{
    "should pass preprocessing": {
        "content": [
            [
                [
                    {
                        "id": "pt15"
                    },
                    "adata_pp.h5ad:md5,aac42ee3ba98d4d73df0f9e27632038e"
                ]
            ],
            [
                "versions.yml:md5,4332e444fc521d1c6f2e18806266f63a"
            ],
            {
                "PREPROCESS_SPATIAL_IR": {
                    "circuss": "0.0.1dev"
                }
            }
        ],
        "meta": {
            "nf-test": "0.9.3",
            "nextflow": "25.04.8"
        },
        "timestamp": "2025-10-22T10:58:55.51074982"
    }
}