{
    "should pass loading": {
        "content": [
            [
                [
                    {
                        "id": "pt15"
                    },
                    "adata.h5ad:md5,4f4c3cdbea4c74bd09b98102763e8cb2"
                ]
            ],
            [
                "versions.yml:md5,aa3a0f19b302414f00dab96acc87384f"
            ],
            {
                "LOAD_SPATIAL_IR": {
                    "circuss": "0.0.1dev"
                }
            }
        ],
        "meta": {
            "nf-test": "0.9.3",
            "nextflow": "25.04.8"
        },
        "timestamp": "2025-10-20T12:10:42.709536958"
    }
}