{
    "test without ir_fastq_path": {
        "content": [
            [
                "test.airr.tsv",
                "test.clna",
                "test.clonotype.report.json",
                "test.refined.vdjca",
                "test.spatial.airr.tsv",
                "test.vdjca"
            ],
            [
                "versions.yml:md5,9d504ff636e5077531cd6d4b143b30d2"
            ],
            {
                "ALIGN_MIXCR": {
                    "mixcr": "4.7.0",
                    "circuss": "0+local"
                }
            }
        ],
        "meta": {
            "nf-test": "0.9.3",
            "nextflow": "25.04.8"
        },
        "timestamp": "2025-10-23T11:01:46.927477964"
    },
    "test multiple ir_read_id pairs": {
        "content": [
            [
                "test.airr.tsv",
                "test.clna",
                "test.clonotype.report.json",
                "test.refined.vdjca",
                "test.spatial.airr.tsv",
                "test.vdjca",
                "test.airr.tsv",
                "test.clna",
                "test.clonotype.report.json",
                "test.refined.vdjca",
                "test.spatial.airr.tsv",
                "test.vdjca"
            ],
            [
                "versions.yml:md5,9d504ff636e5077531cd6d4b143b30d2"
            ],
            {
                "ALIGN_MIXCR": {
                    "mixcr": "4.7.0",
                    "circuss": "0+local"
                }
            }
        ],
        "meta": {
            "nf-test": "0.9.3",
            "nextflow": "25.04.8"
        },
        "timestamp": "2025-10-23T11:03:12.361557614"
    },
    "test with all inputs": {
        "content": [
            [
                "test.airr.tsv",
                "test.clna",
                "test.clonotype.report.json",
                "test.refined.vdjca",
                "test.spatial.airr.tsv",
                "test.vdjca"
            ],
            [
                "versions.yml:md5,9d504ff636e5077531cd6d4b143b30d2"
            ],
            {
                "ALIGN_MIXCR": {
                    "mixcr": "4.7.0",
                    "circuss": "0+local"
                }
            }
        ],
        "meta": {
            "nf-test": "0.9.3",
            "nextflow": "25.04.8"
        },
        "timestamp": "2025-10-23T11:01:01.404150641"
    }
}