{
    "test with all inputs": {
        "content": [
            [
                "test.airr.tsv",
                "test.clna",
                "test.clonotype.report.json",
                "test.refined.vdjca",
                "test.spatial.airr.tsv",
                "test.vdjca"
            ],
            [
                "test.airr.tsv",
                "test.clna",
                "test.clonotype.report.json",
                "test.refined.vdjca",
                "test.spatial.airr.tsv",
                "test.vdjca"
            ],
            [
                "versions.yml:md5,487a3a7a0a1df78084e218706101b28b"
            ],
            {
                "ALIGN_MIXCR": {
                    "circuss": "0+local",
                    "mixcr": "4.7.0"
                }
            }
        ],
        "meta": {
            "nf-test": "0.9.3",
            "nextflow": "25.04.8"
        },
        "timestamp": "2025-10-23T03:44:38.906264197"
    }
}